server/api-util/ssrStatus.js
server/api-util/structuredDataInsurance.test.js
server/extensions/sms-messaging/mod/notify/exclude.js
src/config/businessFacts.js
src/config/hostAcademy.js
src/containers/LandingPage/PremiumLandingPage.jsx
src/containers/LandingPage/SectionHowItWorks.js
src/util/priceVariantGuests.js
src/util/priceVariantGuests.test.js
